#-----------------------------------------------------------
# Vivado v2025.1 (64-bit)
# SW Build 6140274 on Thu May 22 00:12:29 MDT 2025
# IP Build 6138677 on Thu May 22 03:10:11 MDT 2025
# SharedData Build 6139179 on Tue May 20 17:58:58 MDT 2025
# Start of session at: Mon Oct  6 17:26:06 2025
# Process ID         : 11660
# Current directory  : C:/Users/DELL/.Code/SystemVerilog/Mario/Mario.runs/impl_1
# Command line       : vivado.exe -log CPU.vdi -applog -product Vivado -messageDb vivado.pb -mode batch -source CPU.tcl -notrace
# Log file           : C:/Users/DELL/.Code/SystemVerilog/Mario/Mario.runs/impl_1/CPU.vdi
# Journal file       : C:/Users/DELL/.Code/SystemVerilog/Mario/Mario.runs/impl_1\vivado.jou
# Running On         : DESKTOP-TACRBSE
# Platform           : Windows Server 2016 or Windows 10
# Operating System   : 19045
# Processor Detail   : Intel(R) Core(TM) i5-3470S CPU @ 2.90GHz
# CPU Frequency      : 2893 MHz
# CPU Physical cores : 4
# CPU Logical cores  : 4
# Host memory        : 4192 MB
# Swap memory        : 4569 MB
# Total Virtual      : 8761 MB
# Available Virtual  : 1835 MB
#-----------------------------------------------------------
source CPU.tcl -notrace
